
============================================================
Testing Refactored MEDIA Algorithm
============================================================

[Test 1] ViT-base (Linear Model)

============================================================
Model: ViT-base, Servers: 1, BW: 100 Mbps
============================================================

Results:
  MEDIA:  1618.04 ms (25 partitions)
  DINA:   2199.03 ms (8 partitions)
  Ours:   1618.04 ms (25 partitions)
  OCC:    2199.03 ms (8 partitions)

============================================================
Model: ViT-base, Servers: 4, BW: 100 Mbps
============================================================

Results:
  MEDIA:   447.66 ms (25 partitions)
  DINA:   8761.21 ms (8 partitions)
  Ours:    425.16 ms (25 partitions)
  OCC:    2199.03 ms (8 partitions)


[Test 2] InceptionV3 (Parallel Model)

============================================================
Model: InceptionV3, Servers: 1, BW: 100 Mbps
============================================================

Results:
  MEDIA:  1717.55 ms (4 partitions)
  DINA:   1689.58 ms (3 partitions)
  Ours:   1610.75 ms (54 partitions)
  OCC:    1689.58 ms (3 partitions)

============================================================
Model: InceptionV3, Servers: 4, BW: 100 Mbps
============================================================

Results:
  MEDIA:  1717.55 ms (4 partitions)
  DINA:   1711.10 ms (3 partitions)
  Ours:   1461.75 ms (54 partitions)
  OCC:    1689.58 ms (3 partitions)

============================================================
Summary & Analysis
============================================================

1. N=1 Validation (All should be similar to OCC):
   ViT-base N=1:     MEDIA=1618.04, OCC=2199.03
   InceptionV3 N=1:  MEDIA=1717.55, OCC=1689.58

2. Parallelism Check (N=4):
   ViT-base:     MEDIA=447.66 vs Ours=425.16
   InceptionV3:  MEDIA=1717.55 vs Ours=1461.75

3. Expected Behavior:
python : Traceback (most rece
nt call last):
所在位置 行:1 字符: 30
+ ... env\Scripts\Activate.ps
1 ; python test_media_refacto
r.py 2>&1 | Out-F ...
+                            
    ~~~~~~~~~~~~~~~~~~~~~~~~~
~~~~~~~~~
    + CategoryInfo           
   : NotSpecified: (Traceba  
  ck (most recent call las   
 t)::String) [], RemoteEx    
ception
    + FullyQualifiedErrorId  
   : NativeCommandError
 
  File "D:\0_master\毕业论文\pyth
onProject\pythonProject\test_
media_refactor.py", line 90, 
in <module>
    main()
  File "D:\0_master\毕业论文\pyth
onProject\pythonProject\test_
media_refactor.py", line 84, 
in main
    print("   \u2022 N=1: MED
IA ≈ DINA ≈ Ours ≈ OCC (singl
e server baseline)")
UnicodeEncodeError: 'gbk' cod
ec can't encode character '\u
2022' in position 3: illegal 
multibyte sequence
